Attempt 1 failed with error: Connection error.
Attempt 2 failed with error: Connection error.
Attempt 3 failed with error: Connection error.
Attempt 4 failed with error: Connection error.
Attempt 5 failed with error: Connection error.
Attempt 6 failed with error: Connection error.
Attempt 7 failed with error: Connection error.
Attempt 8 failed with error: Connection error.
Attempt 9 failed with error: Connection error.
Traceback (most recent call last):
  File "/home/lgh/anaconda3/lib/python3.12/site-packages/httpcore/_exceptions.py", line 10, in map_exceptions
    yield
  File "/home/lgh/anaconda3/lib/python3.12/site-packages/httpcore/_backends/sync.py", line 206, in connect_tcp
    sock = socket.create_connection(
           ^^^^^^^^^^^^^^^^^^^^^^^^^
  File "/home/lgh/anaconda3/lib/python3.12/socket.py", line 865, in create_connection
    raise exceptions[0]
  File "/home/lgh/anaconda3/lib/python3.12/socket.py", line 850, in create_connection
    sock.connect(sa)
ConnectionRefusedError: [Errno 111] Connection refused

The above exception was the direct cause of the following exception:

Traceback (most recent call last):
  File "/home/cql/.local/lib/python3.12/site-packages/httpx/_transports/default.py", line 101, in map_httpcore_exceptions
    yield
  File "/home/cql/.local/lib/python3.12/site-packages/httpx/_transports/default.py", line 250, in handle_request
    resp = self._pool.handle_request(req)
           ^^^^^^^^^^^^^^^^^^^^^^^^^^^^^^
  File "/home/lgh/anaconda3/lib/python3.12/site-packages/httpcore/_sync/connection_pool.py", line 268, in handle_request
    raise exc
  File "/home/lgh/anaconda3/lib/python3.12/site-packages/httpcore/_sync/connection_pool.py", line 251, in handle_request
    response = connection.handle_request(request)
               ^^^^^^^^^^^^^^^^^^^^^^^^^^^^^^^^^^
  File "/home/lgh/anaconda3/lib/python3.12/site-packages/httpcore/_sync/http_proxy.py", line 289, in handle_request
    connect_response = self._connection.handle_request(
                       ^^^^^^^^^^^^^^^^^^^^^^^^^^^^^^^^
  File "/home/lgh/anaconda3/lib/python3.12/site-packages/httpcore/_sync/connection.py", line 99, in handle_request
    raise exc
  File "/home/lgh/anaconda3/lib/python3.12/site-packages/httpcore/_sync/connection.py", line 76, in handle_request
    stream = self._connect(request)
             ^^^^^^^^^^^^^^^^^^^^^^
  File "/home/lgh/anaconda3/lib/python3.12/site-packages/httpcore/_sync/connection.py", line 124, in _connect
    stream = self._network_backend.connect_tcp(**kwargs)
             ^^^^^^^^^^^^^^^^^^^^^^^^^^^^^^^^^^^^^^^^^^^
  File "/home/lgh/anaconda3/lib/python3.12/site-packages/httpcore/_backends/sync.py", line 205, in connect_tcp
    with map_exceptions(exc_map):
  File "/home/lgh/anaconda3/lib/python3.12/contextlib.py", line 158, in __exit__
    self.gen.throw(value)
  File "/home/lgh/anaconda3/lib/python3.12/site-packages/httpcore/_exceptions.py", line 14, in map_exceptions
    raise to_exc(exc) from exc
httpcore.ConnectError: [Errno 111] Connection refused

The above exception was the direct cause of the following exception:

Traceback (most recent call last):
  File "/home/cql/.local/lib/python3.12/site-packages/openai/_base_client.py", line 982, in request
    response = self._client.send(
               ^^^^^^^^^^^^^^^^^^
  File "/home/cql/.local/lib/python3.12/site-packages/httpx/_client.py", line 914, in send
    response = self._send_handling_auth(
               ^^^^^^^^^^^^^^^^^^^^^^^^^
  File "/home/cql/.local/lib/python3.12/site-packages/httpx/_client.py", line 942, in _send_handling_auth
    response = self._send_handling_redirects(
               ^^^^^^^^^^^^^^^^^^^^^^^^^^^^^^
  File "/home/cql/.local/lib/python3.12/site-packages/httpx/_client.py", line 979, in _send_handling_redirects
    response = self._send_single_request(request)
               ^^^^^^^^^^^^^^^^^^^^^^^^^^^^^^^^^^
  File "/home/cql/.local/lib/python3.12/site-packages/httpx/_client.py", line 1014, in _send_single_request
    response = transport.handle_request(request)
               ^^^^^^^^^^^^^^^^^^^^^^^^^^^^^^^^^
  File "/home/cql/.local/lib/python3.12/site-packages/httpx/_transports/default.py", line 249, in handle_request
    with map_httpcore_exceptions():
         ^^^^^^^^^^^^^^^^^^^^^^^^^
  File "/home/lgh/anaconda3/lib/python3.12/contextlib.py", line 158, in __exit__
    self.gen.throw(value)
  File "/home/cql/.local/lib/python3.12/site-packages/httpx/_transports/default.py", line 118, in map_httpcore_exceptions
    raise mapped_exc(message) from exc
httpx.ConnectError: [Errno 111] Connection refused

The above exception was the direct cause of the following exception:

Traceback (most recent call last):
  File "/home/cql/projects/games/mindgames/tools/run_rollouts.py", line 641, in <module>
    raise SystemExit(main())
                     ^^^^^^
  File "/home/cql/projects/games/mindgames/tools/run_rollouts.py", line 625, in main
    _game_loop(
  File "/home/cql/projects/games/mindgames/tools/run_rollouts.py", line 334, in _game_loop
    action = agents[player_id](observation)
             ^^^^^^^^^^^^^^^^^^^^^^^^^^^^^^
  File "/home/cql/projects/games/mindgames/mindgames/agents/openai_agent.py", line 211, in __call__
    return self._retry_request(observation)
           ^^^^^^^^^^^^^^^^^^^^^^^^^^^^^^^^
  File "/home/cql/projects/games/mindgames/mindgames/agents/openai_agent.py", line 193, in _retry_request
    response = self._make_request(observation)
               ^^^^^^^^^^^^^^^^^^^^^^^^^^^^^^^
  File "/home/cql/projects/games/mindgames/mindgames/agents/openai_agent.py", line 153, in _make_request
    completion = self.client.chat.completions.create(
                 ^^^^^^^^^^^^^^^^^^^^^^^^^^^^^^^^^^^^
  File "/home/cql/.local/lib/python3.12/site-packages/openai/_utils/_utils.py", line 286, in wrapper
    return func(*args, **kwargs)
           ^^^^^^^^^^^^^^^^^^^^^
  File "/home/cql/.local/lib/python3.12/site-packages/openai/resources/chat/completions/completions.py", line 1147, in create
    return self._post(
           ^^^^^^^^^^^
  File "/home/cql/.local/lib/python3.12/site-packages/openai/_base_client.py", line 1259, in post
    return cast(ResponseT, self.request(cast_to, opts, stream=stream, stream_cls=stream_cls))
                           ^^^^^^^^^^^^^^^^^^^^^^^^^^^^^^^^^^^^^^^^^^^^^^^^^^^^^^^^^^^^^^^^^
  File "/home/cql/.local/lib/python3.12/site-packages/openai/_base_client.py", line 1014, in request
    raise APIConnectionError(request=request) from err
openai.APIConnectionError: Connection error.
